<?xml version="1.0" encoding="UTF-8"?>
<testsuites>
	<testsuite errors="0" failures="0" file=".py" name="TestCalc-20200109144349" skipped="0" tests="4" time="0.010" timestamp="2020-01-09T14:43:49">
		<testcase classname="TestCalc" file="test_calc.py" line="8" name="test_add" time="0.007" timestamp="2020-01-09T14:43:49">
			<system-out>
<![CDATA[]]>			</system-out>
			<system-err>
<![CDATA[]]>			</system-err>
		</testcase>
		<testcase classname="TestCalc" file="test_calc.py" line="23" name="test_divide" time="0.001" timestamp="2020-01-09T14:43:49">
			<system-out>
<![CDATA[]]>			</system-out>
			<system-err>
<![CDATA[]]>			</system-err>
		</testcase>
		<testcase classname="TestCalc" file="test_calc.py" line="18" name="test_multiply" time="0.001" timestamp="2020-01-09T14:43:49">
			<system-out>
<![CDATA[]]>			</system-out>
			<system-err>
<![CDATA[]]>			</system-err>
		</testcase>
		<testcase classname="TestCalc" file="test_calc.py" line="13" name="test_subtract" time="0.001" timestamp="2020-01-09T14:43:49">
			<system-out>
<![CDATA[]]>			</system-out>
			<system-err>
<![CDATA[]]>			</system-err>
		</testcase>
	</testsuite>
</testsuites>
